// Jest Snapshot v1, https://goo.gl/fbAQLP

exports[`<FloatingButton /> renders correctly 1`] = `
<View
  accessible={true}
  collapsable={false}
  focusable={true}
  onClick={[Function]}
  onResponderGrant={[Function]}
  onResponderMove={[Function]}
  onResponderRelease={[Function]}
  onResponderTerminate={[Function]}
  onResponderTerminationRequest={[Function]}
  onStartShouldSetResponder={[Function]}
  style={
    Object {
      "alignItems": "center",
      "backgroundColor": "blue",
      "borderRadius": 40,
      "bottom": 30,
      "height": 40,
      "justifyContent": "center",
      "opacity": 1,
      "position": "absolute",
      "right": 30,
      "width": 40,
      "zIndex": 1,
    }
  }
>
  <Text
    style={
      Array [
        Object {
          "fontSize": 25,
          "fontWeight": "bold",
        },
        Object {
          "color": "#fff",
        },
      ]
    }
  >
    +
  </Text>
</View>
`;
